[28-May-2026 08:07:35 UTC] PHP Parse error:  syntax error, unexpected token "=", expecting end of file in Command line code on line 1
[28-May-2026 08:07:52 UTC] PHP Fatal error:  Uncaught Error: Class "Illuminate\Foundation\Application" not found in F:\GitHub\parallelleaves-web\bootstrap\app.php:14
Stack trace:
#0 Standard input code(2): require()
#1 {main}
  thrown in F:\GitHub\parallelleaves-web\bootstrap\app.php on line 14
[28-May-2026 08:23:58 UTC] PHP Warning:  preg_replace(): Compilation failed: unrecognized character follows \ at offset 9 in Standard input code on line 10
[28-May-2026 08:23:58 UTC] PHP Deprecated:  preg_replace(): Passing null to parameter #3 ($subject) of type array|string is deprecated in Standard input code on line 11
[28-May-2026 08:23:58 UTC] PHP Warning:  preg_replace(): Compilation failed: unrecognized character follows \ at offset 21 in Standard input code on line 11
[28-May-2026 08:23:58 UTC] PHP Deprecated:  preg_replace(): Passing null to parameter #3 ($subject) of type array|string is deprecated in Standard input code on line 12
[28-May-2026 08:23:58 UTC] PHP Warning:  preg_replace(): Compilation failed: PCRE2 does not support \F, \L, \l, \N{name}, \U, or \u at offset 25 in Standard input code on line 13
[28-May-2026 08:23:58 UTC] PHP Deprecated:  str_replace(): Passing null to parameter #3 ($subject) of type array|string is deprecated in Standard input code on line 14
[28-May-2026 08:23:58 UTC] PHP Fatal error:  Uncaught Error: Undefined constant "STDERR" in Standard input code:129
Stack trace:
#0 {main}
  thrown in Standard input code on line 129
[28-May-2026 10:38:30 UTC] PHP Parse error:  syntax error, unexpected token "=", expecting end of file in Command line code on line 1
[28-May-2026 10:38:40 UTC] PHP Fatal error:  Uncaught Error: Undefined constant "bootstrap" in Command line code:1
Stack trace:
#0 {main}
  thrown in Command line code on line 1
[28-May-2026 10:38:45 UTC] PHP Fatal error:  Uncaught Error: Class "Illuminate\Foundation\Application" not found in F:\GitHub\parallelleaves-web\bootstrap\app.php:14
Stack trace:
#0 Standard input code(2): require()
#1 {main}
  thrown in F:\GitHub\parallelleaves-web\bootstrap\app.php on line 14
